// Jest Snapshot v1, https://goo.gl/fbAQLP

exports[`renders TextView with text 1`] = `
<Text
  numberOfLines={1}
  style={
    Object {
      "backgroundColor": "transparent",
      "color": "white",
      "fontSize": 16,
      "fontWeight": "normal",
      "textAlign": "left",
    }
  }
  text="Hello World"
>
  Hello World
</Text>
`;
